🧪 COMPREHENSIVE API TESTING SUITE
=================================
Started: Sun Jan 25 05:15:24 UTC 2026


═══ SECURITY VULNERABILITY TESTS ═══
✓ PASS: SQL Injection blocked (invalid ID format)
✓ PASS: XSS payload handled (validation or sanitization)
✓ PASS: Long input rejected: HTTP 400
✓ PASS: Negative ID rejected
✓ PASS: Malformed JSON rejected

═══ INPUT VALIDATION EDGE CASES ═══
✓ PASS: Zero price rejected
✓ PASS: Negative stock rejected
✓ PASS: Excessive price rejected
✓ PASS: Missing required fields rejected
✓ PASS: Non-existent category rejected

═══ PAGINATION EDGE CASES ═══
✓ PASS: Limit 0 handled gracefully
✓ PASS: Max limit enforced (returned 21 items)
✓ PASS: Invalid cursor handled
✗ FAIL: End of dataset not properly indicated

═══ CONCURRENT OPERATIONS ═══
✓ PASS: Concurrent reads completed
✓ PASS: Concurrent creates handled (check for duplicates manually)

═══ ERROR HANDLING & RECOVERY ═══
✓ PASS: 404 for non-existent endpoint
✓ PASS: Invalid HTTP method rejected
✓ PASS: Health check returns healthy status

═══ RATE LIMITING ═══
✓ PASS: Rate limiting middleware is active and functioning

═══ PERFORMANCE & STRESS TESTS ═══
✓ PASS: Average response time acceptable: 6ms
✗ FAIL: Large result set failed

═══ METRICS & MONITORING ═══
✓ PASS: Metrics endpoint returns Prometheus format
✗ FAIL: Request ID not found in response

═══ DATA INTEGRITY ═══
✗ FAIL: Product creation failed

═══ ADDITIONAL EDGE CASES ═══
✗ FAIL: Empty body handling: HTTP 429
✗ FAIL: Special character handling: HTTP 429
✗ FAIL: Unicode handling: HTTP 429

=================================
TEST SUMMARY
=================================
Total Passed: 21
Total Failed: 7
Success Rate: 75.00%
Completed: Sun Jan 25 05:15:25 UTC 2026
